Testing CSS file...
